
> backend@1.0.0 test
> node --experimental-vm-modules ../node_modules/jest/bin/jest.js

